Collecting shapely
  Obtaining dependency information for shapely from https://files.pythonhosted.org/packages/13/02/58b0b8d9c17c93ab6340edd8b7308c0c5a5b81f94ce65705819b7416dba5/shapely-2.1.2-cp311-cp311-manylinux2014_x86_64.manylinux_2_17_x86_64.whl.metadata
  Downloading shapely-2.1.2-cp311-cp311-manylinux2014_x86_64.manylinux_2_17_x86_64.whl.metadata (6.8 kB)
Collecting matplotlib
  Obtaining dependency information for matplotlib from https://files.pythonhosted.org/packages/f0/f0/9b4298911303f74e6d83e64a81d996c0616405ec95046fac7f17e4258b9e/matplotlib-3.11.1-cp311-cp311-manylinux2014_x86_64.manylinux_2_17_x86_64.whl.metadata
  Downloading matplotlib-3.11.1-cp311-cp311-manylinux2014_x86_64.manylinux_2_17_x86_64.whl.metadata (80 kB)
     ━━━━━━━━━━━━━━━━━━━━━━━━━━━━━━━━━━━━━━━ 80.3/80.3 kB 890.6 kB/s eta 0:00:00
Collecting pytest
  Obtaining dependency information for pytest from https://files.pythonhosted.org/packages/24/25/1de2678b631f5a49215c6c96fff41ba892b0a34df68d6d80292b1b48aa7f/pytest-9.1.1-py3-none-any.whl.metadata
  Downloading pytest-9.1.1-py3-none-any.whl.metadata (7.6 kB)
Collecting python-docx
  Obtaining dependency information for python-docx from https://files.pythonhosted.org/packages/d0/00/1e03a4989fa5795da308cd774f05b704ace555a70f9bf9d3be057b680bcf/python_docx-1.2.0-py3-none-any.whl.metadata
  Downloading python_docx-1.2.0-py3-none-any.whl.metadata (2.0 kB)
Collecting pymupdf
  Obtaining dependency information for pymupdf from https://files.pythonhosted.org/packages/c7/06/dace3e27af26690cb20bead80dbac42941b0841eb689b8aabbd67dde16f0/pymupdf-1.28.2-cp310-abi3-manylinux_2_28_x86_64.whl.metadata
  Downloading pymupdf-1.28.2-cp310-abi3-manylinux_2_28_x86_64.whl.metadata (26 kB)
Requirement already satisfied: numpy>=1.21 in /home/yekangjie/.local/lib/python3.11/site-packages (from shapely) (2.4.6)
Collecting contourpy>=1.0.1 (from matplotlib)
  Obtaining dependency information for contourpy>=1.0.1 from https://files.pythonhosted.org/packages/5f/4b/6157f24ca425b89fe2eb7e7be642375711ab671135be21e6faa100f7448c/contourpy-1.3.3-cp311-cp311-manylinux_2_27_x86_64.manylinux_2_28_x86_64.whl.metadata
  Downloading contourpy-1.3.3-cp311-cp311-manylinux_2_27_x86_64.manylinux_2_28_x86_64.whl.metadata (5.5 kB)
Collecting cycler>=0.10 (from matplotlib)
  Obtaining dependency information for cycler>=0.10 from https://files.pythonhosted.org/packages/e7/05/c19819d5e3d95294a6f5947fb9b9629efb316b96de511b418c53d245aae6/cycler-0.12.1-py3-none-any.whl.metadata
  Downloading cycler-0.12.1-py3-none-any.whl.metadata (3.8 kB)
Collecting fonttools>=4.28.2 (from matplotlib)
  Obtaining dependency information for fonttools>=4.28.2 from https://files.pythonhosted.org/packages/a1/e6/e48cf0a272a5d4d17a09d44f92727e67f975ddfa94acc8464763d19a654d/fonttools-4.65.0-cp311-cp311-manylinux2014_x86_64.manylinux_2_17_x86_64.whl.metadata
  Downloading fonttools-4.65.0-cp311-cp311-manylinux2014_x86_64.manylinux_2_17_x86_64.whl.metadata (125 kB)
     ━━━━━━━━━━━━━━━━━━━━━━━━━━━━━━━━━━━━━━━ 125.0/125.0 kB 1.8 MB/s eta 0:00:00
Collecting kiwisolver>=1.3.1 (from matplotlib)
  Obtaining dependency information for kiwisolver>=1.3.1 from https://files.pythonhosted.org/packages/89/00/05c2d0369ac322d22d5c05f84b5c4a6856fa6207fbae42869108a28f0383/kiwisolver-1.5.1-cp311-cp311-manylinux2014_x86_64.manylinux_2_17_x86_64.whl.metadata
  Downloading kiwisolver-1.5.1-cp311-cp311-manylinux2014_x86_64.manylinux_2_17_x86_64.whl.metadata (5.2 kB)
Requirement already satisfied: packaging>=20.0 in /usr/local/lib/miniconda3/lib/python3.11/site-packages (from matplotlib) (23.1)
Collecting pillow>=9 (from matplotlib)
  Obtaining dependency information for pillow>=9 from https://files.pythonhosted.org/packages/3b/2d/ede717bc1144f63886c21fd349bb95860b0d1a21149ff16f2bb362b612b6/pillow-12.3.0-cp311-cp311-manylinux_2_27_x86_64.manylinux_2_28_x86_64.whl.metadata
  Downloading pillow-12.3.0-cp311-cp311-manylinux_2_27_x86_64.manylinux_2_28_x86_64.whl.metadata (9.1 kB)
Collecting pyparsing>=3 (from matplotlib)
  Obtaining dependency information for pyparsing>=3 from https://files.pythonhosted.org/packages/10/bd/c038d7cc38edc1aa5bf91ab8068b63d4308c66c4c8bb3cbba7dfbc049f9c/pyparsing-3.3.2-py3-none-any.whl.metadata
  Downloading pyparsing-3.3.2-py3-none-any.whl.metadata (5.8 kB)
Requirement already satisfied: python-dateutil>=2.7 in /home/yekangjie/.local/lib/python3.11/site-packages (from matplotlib) (2.9.0.post0)
Collecting iniconfig>=1.0.1 (from pytest)
  Obtaining dependency information for iniconfig>=1.0.1 from https://files.pythonhosted.org/packages/cb/b1/3846dd7f199d53cb17f49cba7e651e9ce294d8497c8c150530ed11865bb8/iniconfig-2.3.0-py3-none-any.whl.metadata
  Downloading iniconfig-2.3.0-py3-none-any.whl.metadata (2.5 kB)
Collecting pluggy<2,>=1.5 (from pytest)
  Obtaining dependency information for pluggy<2,>=1.5 from https://files.pythonhosted.org/packages/54/20/4d324d65cc6d9205fabedc306948156824eb9f0ee1633355a8f7ec5c66bf/pluggy-1.6.0-py3-none-any.whl.metadata
  Downloading pluggy-1.6.0-py3-none-any.whl.metadata (4.8 kB)
Collecting pygments>=2.7.2 (from pytest)
  Obtaining dependency information for pygments>=2.7.2 from https://files.pythonhosted.org/packages/71/46/17f022dd3e953bf20a04a028a21ec746d942f8d2af30fa0f124fa0e6a684/pygments-2.21.0-py3-none-any.whl.metadata
  Downloading pygments-2.21.0-py3-none-any.whl.metadata (2.5 kB)
Collecting lxml>=3.1.0 (from python-docx)
  Obtaining dependency information for lxml>=3.1.0 from https://files.pythonhosted.org/packages/94/2a/25d128872f4d51753542bfc3feb482c2ea7c8a2d6d81a0bc5c6a00779ed4/lxml-6.1.3-cp311-cp311-manylinux_2_26_x86_64.manylinux_2_28_x86_64.whl.metadata
  Downloading lxml-6.1.3-cp311-cp311-manylinux_2_26_x86_64.manylinux_2_28_x86_64.whl.metadata (3.3 kB)
Requirement already satisfied: typing_extensions>=4.9.0 in /home/yekangjie/.local/lib/python3.11/site-packages (from python-docx) (4.16.0)
Requirement already satisfied: six>=1.5 in /home/yekangjie/.local/lib/python3.11/site-packages (from python-dateutil>=2.7->matplotlib) (1.17.0)
Downloading shapely-2.1.2-cp311-cp311-manylinux2014_x86_64.manylinux_2_17_x86_64.whl (3.1 MB)
   ━━━━━━━━━━━━━━━━━━━━━━━━━━━━━━━━━━━━━━━━ 3.1/3.1 MB 12.3 MB/s eta 0:00:00
Downloading matplotlib-3.11.1-cp311-cp311-manylinux2014_x86_64.manylinux_2_17_x86_64.whl (10.0 MB)
   ━━━━━━━━━━━━━━━━━━━━━━━━━━━━━━━━━━━━━━━━ 10.0/10.0 MB 38.1 MB/s eta 0:00:00
Downloading pytest-9.1.1-py3-none-any.whl (386 kB)
   ━━━━━━━━━━━━━━━━━━━━━━━━━━━━━━━━━━━━━━━ 386.5/386.5 kB 103.2 MB/s eta 0:00:00
Downloading python_docx-1.2.0-py3-none-any.whl (252 kB)
   ━━━━━━━━━━━━━━━━━━━━━━━━━━━━━━━━━━━━━━━━ 253.0/253.0 kB 38.0 MB/s eta 0:00:00
Downloading pymupdf-1.28.2-cp310-abi3-manylinux_2_28_x86_64.whl (25.8 MB)
   ━━━━━━━━━━━━━━━━━━━━━━━━━━━━━━━━━━━━━━━━ 25.8/25.8 MB 31.6 MB/s eta 0:00:00
Downloading contourpy-1.3.3-cp311-cp311-manylinux_2_27_x86_64.manylinux_2_28_x86_64.whl (355 kB)
   ━━━━━━━━━━━━━━━━━━━━━━━━━━━━━━━━━━━━━━━━ 355.2/355.2 kB 80.2 MB/s eta 0:00:00
Downloading cycler-0.12.1-py3-none-any.whl (8.3 kB)
Downloading fonttools-4.65.0-cp311-cp311-manylinux2014_x86_64.manylinux_2_17_x86_64.whl (5.5 MB)
   ━━━━━━━━━━━━━━━━━━━━━━━━━━━━━━━━━━━━━━━━ 5.5/5.5 MB 52.9 MB/s eta 0:00:00
Downloading iniconfig-2.3.0-py3-none-any.whl (7.5 kB)
Downloading kiwisolver-1.5.1-cp311-cp311-manylinux2014_x86_64.manylinux_2_17_x86_64.whl (1.4 MB)
   ━━━━━━━━━━━━━━━━━━━━━━━━━━━━━━━━━━━━━━━━ 1.4/1.4 MB 75.0 MB/s eta 0:00:00
Downloading lxml-6.1.3-cp311-cp311-manylinux_2_26_x86_64.manylinux_2_28_x86_64.whl (5.2 MB)
   ━━━━━━━━━━━━━━━━━━━━━━━━━━━━━━━━━━━━━━━━ 5.2/5.2 MB 49.9 MB/s eta 0:00:00
Downloading pillow-12.3.0-cp311-cp311-manylinux_2_27_x86_64.manylinux_2_28_x86_64.whl (6.9 MB)
   ━━━━━━━━━━━━━━━━━━━━━━━━━━━━━━━━━━━━━━━━ 6.9/6.9 MB 39.6 MB/s eta 0:00:00
Downloading pluggy-1.6.0-py3-none-any.whl (20 kB)
Downloading pygments-2.21.0-py3-none-any.whl (1.3 MB)
   ━━━━━━━━━━━━━━━━━━━━━━━━━━━━━━━━━━━━━━━━ 1.3/1.3 MB 54.5 MB/s eta 0:00:00
Downloading pyparsing-3.3.2-py3-none-any.whl (122 kB)
   ━━━━━━━━━━━━━━━━━━━━━━━━━━━━━━━━━━━━━━━━ 122.8/122.8 kB 47.4 MB/s eta 0:00:00
Installing collected packages: shapely, pyparsing, pymupdf, pygments, pluggy, pillow, lxml, kiwisolver, iniconfig, fonttools, cycler, contourpy, python-docx, pytest, matplotlib
  Attempting uninstall: pluggy
    Found existing installation: pluggy 1.0.0
    Not uninstalling pluggy at /usr/local/lib/miniconda3/lib/python3.11/site-packages, outside environment /data5/hy/B-problem/.venv
    Can't uninstall 'pluggy'. No files were found to uninstall.
Successfully installed contourpy-1.3.3 cycler-0.12.1 fonttools-4.65.0 iniconfig-2.3.0 kiwisolver-1.5.1 lxml-6.1.3 matplotlib-3.11.1 pillow-12.3.0 pluggy-1.6.0 pygments-2.21.0 pymupdf-1.28.2 pyparsing-3.3.2 pytest-9.1.1 python-docx-1.2.0 shapely-2.1.2

[notice] A new release of pip is available: 23.2.1 -> 26.2.1
[notice] To update, run: python -m pip install --upgrade pip
