Looking in indexes: https://download.pytorch.org/whl/cpu
Collecting torch
  Obtaining dependency information for torch from https://download-r2.pytorch.org/whl/cpu/torch-2.14.0%2Bcpu-cp311-cp311-manylinux_2_28_x86_64.whl.metadata
  Downloading https://download-r2.pytorch.org/whl/cpu/torch-2.14.0%2Bcpu-cp311-cp311-manylinux_2_28_x86_64.whl.metadata (37 kB)
Requirement already satisfied: filelock in /home/yekangjie/.local/lib/python3.11/site-packages (from torch) (3.32.5)
Requirement already satisfied: typing-extensions>=4.10.0 in /home/yekangjie/.local/lib/python3.11/site-packages (from torch) (4.16.0)
Collecting setuptools>=77.0.3 (from torch)
  Obtaining dependency information for setuptools>=77.0.3 from https://download.pytorch.org/whl/setuptools-78.1.0-py3-none-any.whl.metadata
  Downloading https://download.pytorch.org/whl/setuptools-78.1.0-py3-none-any.whl.metadata (6.6 kB)
Collecting sympy>=1.13.3 (from torch)
  Obtaining dependency information for sympy>=1.13.3 from https://files.pythonhosted.org/packages/a2/09/77d55d46fd61b4a135c444fc97158ef34a095e5681d0a6c10b75bf356191/sympy-1.14.0-py3-none-any.whl.metadata
  Downloading sympy-1.14.0-py3-none-any.whl.metadata (12 kB)
Collecting networkx>=2.5.1 (from torch)
  Obtaining dependency information for networkx>=2.5.1 from https://files.pythonhosted.org/packages/9e/c9/b2622292ea83fbb4ec318f5b9ab867d0a28ab43c5717bb85b0a5f6b3b0a4/networkx-3.6.1-py3-none-any.whl.metadata
  Downloading networkx-3.6.1-py3-none-any.whl.metadata (6.8 kB)
Collecting jinja2 (from torch)
  Obtaining dependency information for jinja2 from https://download.pytorch.org/whl/jinja2-3.1.6-py3-none-any.whl.metadata
  Downloading https://download.pytorch.org/whl/jinja2-3.1.6-py3-none-any.whl.metadata (2.9 kB)
Requirement already satisfied: fsspec>=0.8.5 in /home/yekangjie/.local/lib/python3.11/site-packages (from torch) (2026.7.0)
Collecting mpmath<1.4,>=1.1.0 (from sympy>=1.13.3->torch)
  Obtaining dependency information for mpmath<1.4,>=1.1.0 from https://files.pythonhosted.org/packages/43/e3/7d92a15f894aa0c9c4b49b8ee9ac9850d6e63b03c9c32c0367a13ae62209/mpmath-1.3.0-py3-none-any.whl.metadata
  Downloading mpmath-1.3.0-py3-none-any.whl.metadata (8.6 kB)
Collecting MarkupSafe>=2.0 (from jinja2->torch)
  Obtaining dependency information for MarkupSafe>=2.0 from https://download.pytorch.org/whl/markupsafe-3.0.3-cp311-cp311-manylinux2014_x86_64.manylinux_2_17_x86_64.manylinux_2_28_x86_64.whl.metadata
  Downloading https://download.pytorch.org/whl/markupsafe-3.0.3-cp311-cp311-manylinux2014_x86_64.manylinux_2_17_x86_64.manylinux_2_28_x86_64.whl.metadata (2.7 kB)
Downloading https://download-r2.pytorch.org/whl/cpu/torch-2.14.0%2Bcpu-cp311-cp311-manylinux_2_28_x86_64.whl (196.2 MB)
   ━━━━━━━━━━━━━━━━━━━━━━━━━━━━━━━━━━━━━━━━ 196.2/196.2 MB 15.6 MB/s eta 0:00:00
Downloading networkx-3.6.1-py3-none-any.whl (2.1 MB)
   ━━━━━━━━━━━━━━━━━━━━━━━━━━━━━━━━━━━━━━━━ 2.1/2.1 MB 5.5 MB/s eta 0:00:00
Downloading https://download.pytorch.org/whl/setuptools-78.1.0-py3-none-any.whl (1.3 MB)
   ━━━━━━━━━━━━━━━━━━━━━━━━━━━━━━━━━━━━━━━━ 1.3/1.3 MB 3.4 MB/s eta 0:00:00
Downloading sympy-1.14.0-py3-none-any.whl (6.3 MB)
   ━━━━━━━━━━━━━━━━━━━━━━━━━━━━━━━━━━━━━━━━ 6.3/6.3 MB 33.5 MB/s eta 0:00:00
Downloading https://download.pytorch.org/whl/jinja2-3.1.6-py3-none-any.whl (134 kB)
   ━━━━━━━━━━━━━━━━━━━━━━━━━━━━━━━━━━━━━━━━ 134.9/134.9 kB 10.2 MB/s eta 0:00:00
Downloading https://download.pytorch.org/whl/markupsafe-3.0.3-cp311-cp311-manylinux2014_x86_64.manylinux_2_17_x86_64.manylinux_2_28_x86_64.whl (22 kB)
Downloading mpmath-1.3.0-py3-none-any.whl (536 kB)
   ━━━━━━━━━━━━━━━━━━━━━━━━━━━━━━━━━━━━━━━━ 536.2/536.2 kB 56.9 MB/s eta 0:00:00
Installing collected packages: mpmath, sympy, setuptools, networkx, MarkupSafe, jinja2, torch
  Attempting uninstall: setuptools
    Found existing installation: setuptools 65.5.0
    Uninstalling setuptools-65.5.0:
      Successfully uninstalled setuptools-65.5.0
Successfully installed MarkupSafe-3.0.3 jinja2-3.1.6 mpmath-1.3.0 networkx-3.6.1 setuptools-78.1.0 sympy-1.14.0 torch-2.14.0+cpu

[notice] A new release of pip is available: 23.2.1 -> 26.2.1
[notice] To update, run: python -m pip install --upgrade pip
