{"stage": "INIT", "elapsed_s": 0.003808195237070322, "world_size": 8, "physical_gpus": "0,1,2,3,4,5,6,7"}
{"stage": "BASELINE", "elapsed_s": 12.577578214928508, "completion_rate": 1.0, "episodes": 32, "macros": 3859, "sample_s": 12.485671331174672, "mean_virtual_s": 11002.4814623125}
{"stage": "BC", "elapsed_s": 13.716152240987867, "loss": 1.7446910667614164, "gradient_norm": 0.9940975904464722, "optimizer_steps": 22, "local_transitions": 576, "state_sha256": "00c8f3be1f546989cb63f2a91b9b907135afb141c902f5cb40acc3bbb2603b92", "parameter_and_optimizer_sync": true}
[rank0]: Traceback (most recent call last):
[rank0]:   File "/data5/hy/B-problem/scripts/train_ddp.py", line 140, in <module>
[rank0]:     if __name__=='__main__':main()
[rank0]:                             ^^^^^^
[rank0]:   File "/data5/hy/B-problem/scripts/train_ddp.py", line 110, in main
[rank0]:     eps,metrics=campaign(pool,'DAGGER',iteration,model.module,'greedy',require_complete=True)
[rank0]:                 ^^^^^^^^^^^^^^^^^^^^^^^^^^^^^^^^^^^^^^^^^^^^^^^^^^^^^^^^^^^^^^^^^^^^^^^^^^^^^
[rank0]:   File "/data5/hy/B-problem/scripts/train_ddp.py", line 87, in campaign
[rank0]:     raise RuntimeError(f'{stage} completion {complete}; stopping before learning bad trajectories')
[rank0]: RuntimeError: DAGGER completion 0.75; stopping before learning bad trajectories
[rank3]: Traceback (most recent call last):
[rank3]:   File "/data5/hy/B-problem/scripts/train_ddp.py", line 140, in <module>
[rank3]:     if __name__=='__main__':main()
[rank3]:                             ^^^^^^
[rank3]:   File "/data5/hy/B-problem/scripts/train_ddp.py", line 110, in main
[rank3]:     eps,metrics=campaign(pool,'DAGGER',iteration,model.module,'greedy',require_complete=True)
[rank3]:                 ^^^^^^^^^^^^^^^^^^^^^^^^^^^^^^^^^^^^^^^^^^^^^^^^^^^^^^^^^^^^^^^^^^^^^^^^^^^^^
[rank3]:   File "/data5/hy/B-problem/scripts/train_ddp.py", line 87, in campaign
[rank3]:     raise RuntimeError(f'{stage} completion {complete}; stopping before learning bad trajectories')
[rank3]: RuntimeError: DAGGER completion 0.75; stopping before learning bad trajectories
[rank4]: Traceback (most recent call last):
[rank4]:   File "/data5/hy/B-problem/scripts/train_ddp.py", line 140, in <module>
[rank4]:     if __name__=='__main__':main()
[rank4]:                             ^^^^^^
[rank4]:   File "/data5/hy/B-problem/scripts/train_ddp.py", line 110, in main
[rank4]:     eps,metrics=campaign(pool,'DAGGER',iteration,model.module,'greedy',require_complete=True)
[rank4]:                 ^^^^^^^^^^^^^^^^^^^^^^^^^^^^^^^^^^^^^^^^^^^^^^^^^^^^^^^^^^^^^^^^^^^^^^^^^^^^^
[rank4]:   File "/data5/hy/B-problem/scripts/train_ddp.py", line 87, in campaign
[rank4]:     raise RuntimeError(f'{stage} completion {complete}; stopping before learning bad trajectories')
[rank4]: RuntimeError: DAGGER completion 0.75; stopping before learning bad trajectories
[rank7]: Traceback (most recent call last):
[rank7]:   File "/data5/hy/B-problem/scripts/train_ddp.py", line 140, in <module>
[rank7]:     if __name__=='__main__':main()
[rank7]:                             ^^^^^^
[rank7]:   File "/data5/hy/B-problem/scripts/train_ddp.py", line 110, in main
[rank7]:     eps,metrics=campaign(pool,'DAGGER',iteration,model.module,'greedy',require_complete=True)
[rank7]:                 ^^^^^^^^^^^^^^^^^^^^^^^^^^^^^^^^^^^^^^^^^^^^^^^^^^^^^^^^^^^^^^^^^^^^^^^^^^^^^
[rank7]:   File "/data5/hy/B-problem/scripts/train_ddp.py", line 87, in campaign
[rank7]:     raise RuntimeError(f'{stage} completion {complete}; stopping before learning bad trajectories')
[rank7]: RuntimeError: DAGGER completion 0.75; stopping before learning bad trajectories
[rank1]: Traceback (most recent call last):
[rank1]:   File "/data5/hy/B-problem/scripts/train_ddp.py", line 140, in <module>
[rank1]:     if __name__=='__main__':main()
[rank1]:                             ^^^^^^
[rank1]:   File "/data5/hy/B-problem/scripts/train_ddp.py", line 110, in main
[rank1]:     eps,metrics=campaign(pool,'DAGGER',iteration,model.module,'greedy',require_complete=True)
[rank1]:                 ^^^^^^^^^^^^^^^^^^^^^^^^^^^^^^^^^^^^^^^^^^^^^^^^^^^^^^^^^^^^^^^^^^^^^^^^^^^^^
[rank1]:   File "/data5/hy/B-problem/scripts/train_ddp.py", line 87, in campaign
[rank1]:     raise RuntimeError(f'{stage} completion {complete}; stopping before learning bad trajectories')
[rank1]: RuntimeError: DAGGER completion 0.75; stopping before learning bad trajectories
[rank6]: Traceback (most recent call last):
[rank6]:   File "/data5/hy/B-problem/scripts/train_ddp.py", line 140, in <module>
[rank6]:     if __name__=='__main__':main()
[rank6]:                             ^^^^^^
[rank6]:   File "/data5/hy/B-problem/scripts/train_ddp.py", line 110, in main
[rank6]:     eps,metrics=campaign(pool,'DAGGER',iteration,model.module,'greedy',require_complete=True)
[rank6]:                 ^^^^^^^^^^^^^^^^^^^^^^^^^^^^^^^^^^^^^^^^^^^^^^^^^^^^^^^^^^^^^^^^^^^^^^^^^^^^^
[rank6]:   File "/data5/hy/B-problem/scripts/train_ddp.py", line 87, in campaign
[rank6]:     raise RuntimeError(f'{stage} completion {complete}; stopping before learning bad trajectories')
[rank6]: RuntimeError: DAGGER completion 0.75; stopping before learning bad trajectories
[rank2]: Traceback (most recent call last):
[rank2]:   File "/data5/hy/B-problem/scripts/train_ddp.py", line 140, in <module>
[rank2]:     if __name__=='__main__':main()
[rank2]:                             ^^^^^^
[rank2]:   File "/data5/hy/B-problem/scripts/train_ddp.py", line 110, in main
[rank2]:     eps,metrics=campaign(pool,'DAGGER',iteration,model.module,'greedy',require_complete=True)
[rank2]:                 ^^^^^^^^^^^^^^^^^^^^^^^^^^^^^^^^^^^^^^^^^^^^^^^^^^^^^^^^^^^^^^^^^^^^^^^^^^^^^
[rank2]:   File "/data5/hy/B-problem/scripts/train_ddp.py", line 87, in campaign
[rank2]:     raise RuntimeError(f'{stage} completion {complete}; stopping before learning bad trajectories')
[rank2]: RuntimeError: DAGGER completion 0.75; stopping before learning bad trajectories
[rank5]: Traceback (most recent call last):
[rank5]:   File "/data5/hy/B-problem/scripts/train_ddp.py", line 140, in <module>
[rank5]:     if __name__=='__main__':main()
[rank5]:                             ^^^^^^
[rank5]:   File "/data5/hy/B-problem/scripts/train_ddp.py", line 110, in main
[rank5]:     eps,metrics=campaign(pool,'DAGGER',iteration,model.module,'greedy',require_complete=True)
[rank5]:                 ^^^^^^^^^^^^^^^^^^^^^^^^^^^^^^^^^^^^^^^^^^^^^^^^^^^^^^^^^^^^^^^^^^^^^^^^^^^^^
[rank5]:   File "/data5/hy/B-problem/scripts/train_ddp.py", line 87, in campaign
[rank5]:     raise RuntimeError(f'{stage} completion {complete}; stopping before learning bad trajectories')
[rank5]: RuntimeError: DAGGER completion 0.75; stopping before learning bad trajectories
W0912 17:01:16.446000 1531886 torch/distributed/elastic/multiprocessing/api.py:897] Sending process 1531895 closing signal SIGTERM
W0912 17:01:16.447000 1531886 torch/distributed/elastic/multiprocessing/api.py:897] Sending process 1531896 closing signal SIGTERM
W0912 17:01:16.448000 1531886 torch/distributed/elastic/multiprocessing/api.py:897] Sending process 1531897 closing signal SIGTERM
W0912 17:01:16.448000 1531886 torch/distributed/elastic/multiprocessing/api.py:897] Sending process 1531898 closing signal SIGTERM
W0912 17:01:16.449000 1531886 torch/distributed/elastic/multiprocessing/api.py:897] Sending process 1531899 closing signal SIGTERM
W0912 17:01:16.449000 1531886 torch/distributed/elastic/multiprocessing/api.py:897] Sending process 1531900 closing signal SIGTERM
W0912 17:01:16.450000 1531886 torch/distributed/elastic/multiprocessing/api.py:897] Sending process 1531901 closing signal SIGTERM
E0912 17:01:16.929000 1531886 torch/distributed/elastic/multiprocessing/api.py:869] failed (exitcode: 1) local_rank: 0 (pid: 1531894) of binary: /data5/hy/B-problem/.venv/bin/python
Traceback (most recent call last):
  File "/data5/hy/B-problem/.venv/bin/torchrun", line 8, in <module>
    sys.exit(main())
             ^^^^^^
  File "/data5/hy/B-problem/.venv/lib/python3.11/site-packages/torch/distributed/elastic/multiprocessing/errors/__init__.py", line 355, in wrapper
    return f(*args, **kwargs)
           ^^^^^^^^^^^^^^^^^^
  File "/data5/hy/B-problem/.venv/lib/python3.11/site-packages/torch/distributed/run.py", line 919, in main
    run(args)
  File "/data5/hy/B-problem/.venv/lib/python3.11/site-packages/torch/distributed/run.py", line 910, in run
    elastic_launch(
  File "/data5/hy/B-problem/.venv/lib/python3.11/site-packages/torch/distributed/launcher/api.py", line 138, in __call__
    return launch_agent(self._config, self._entrypoint, list(args))
           ^^^^^^^^^^^^^^^^^^^^^^^^^^^^^^^^^^^^^^^^^^^^^^^^^^^^^^^^
  File "/data5/hy/B-problem/.venv/lib/python3.11/site-packages/torch/distributed/launcher/api.py", line 269, in launch_agent
    raise ChildFailedError(
torch.distributed.elastic.multiprocessing.errors.ChildFailedError: 
============================================================
scripts/train_ddp.py FAILED
------------------------------------------------------------
Failures:
  <NO_OTHER_FAILURES>
------------------------------------------------------------
Root Cause (first observed failure):
[0]:
  time      : 2026-09-12_17:01:16
  host      : user
  rank      : 0 (local_rank: 0)
  exitcode  : 1 (pid: 1531894)
  error_file: <N/A>
  traceback : To enable traceback see: https://pytorch.org/docs/stable/elastic/errors.html
============================================================
