{"kind": "INIT", "stage": "sft_smoke", "run_id": "q3-search-joint-20260912-smoke", "elapsed_s": 0.2249493752606213, "backend": "nccl", "world_size": 4, "physical_gpus": "0,1,2,3", "resumed_from": "runs/q3_joint_20260912/baseline.pt", "global_update": 0, "stage_step": 0, "state_sha256": "95d14f32eafc368d33946a82b4fd241d4ac784625153875f5f90f6623682e576", "logits_max_abs_diff": 0.0, "optimizer_restored": false}
[rank0]: Traceback (most recent call last):
[rank0]:   File "/data5/hy/B-problem/scripts/train_q3_joint.py", line 139, in <module>
[rank0]:     if __name__=='__main__':main()
[rank0]:                             ^^^^^^
[rank0]:   File "/data5/hy/B-problem/scripts/train_q3_joint.py", line 109, in main
[rank0]:     offset+=stats['optimizer_steps'];event('SFT',epoch=epoch+1,global_update=offset,**stats)
[rank0]:                                      ^^^^^^^^^^^^^^^^^^^^^^^^^^^^^^^^^^^^^^^^^^^^^^^^^^^^^^^
[rank0]:   File "/data5/hy/B-problem/scripts/train_q3_joint.py", line 58, in event
[rank0]:     row=dict(kind=kind,stage=a.stage,run_id=cfg['run_id'],elapsed_s=time.perf_counter()-started,**kwargs)
[rank0]:         ^^^^^^^^^^^^^^^^^^^^^^^^^^^^^^^^^^^^^^^^^^^^^^^^^^^^^^^^^^^^^^^^^^^^^^^^^^^^^^^^^^^^^^^^^^^^^^^^^
[rank0]: TypeError: dict() got multiple values for keyword argument 'elapsed_s'
W0912 01:13:41.485000 2912245 torch/distributed/elastic/multiprocessing/api.py:897] Sending process 2912278 closing signal SIGTERM
W0912 01:13:41.486000 2912245 torch/distributed/elastic/multiprocessing/api.py:897] Sending process 2912279 closing signal SIGTERM
W0912 01:13:41.487000 2912245 torch/distributed/elastic/multiprocessing/api.py:897] Sending process 2912280 closing signal SIGTERM
/usr/local/lib/miniconda3/lib/python3.11/multiprocessing/resource_tracker.py:224: UserWarning: resource_tracker: There appear to be 5 leaked semaphore objects to clean up at shutdown
  warnings.warn('resource_tracker: There appear to be %d '
/usr/local/lib/miniconda3/lib/python3.11/multiprocessing/resource_tracker.py:224: UserWarning: resource_tracker: There appear to be 5 leaked semaphore objects to clean up at shutdown
  warnings.warn('resource_tracker: There appear to be %d '
/usr/local/lib/miniconda3/lib/python3.11/multiprocessing/resource_tracker.py:224: UserWarning: resource_tracker: There appear to be 5 leaked semaphore objects to clean up at shutdown
  warnings.warn('resource_tracker: There appear to be %d '
E0912 01:13:45.691000 2912245 torch/distributed/elastic/multiprocessing/api.py:869] failed (exitcode: 1) local_rank: 0 (pid: 2912277) of binary: /data5/hy/B-problem/.venv/bin/python
Traceback (most recent call last):
  File "/data5/hy/B-problem/.venv/bin/torchrun", line 8, in <module>
    sys.exit(main())
             ^^^^^^
  File "/data5/hy/B-problem/.venv/lib/python3.11/site-packages/torch/distributed/elastic/multiprocessing/errors/__init__.py", line 355, in wrapper
    return f(*args, **kwargs)
           ^^^^^^^^^^^^^^^^^^
  File "/data5/hy/B-problem/.venv/lib/python3.11/site-packages/torch/distributed/run.py", line 919, in main
    run(args)
  File "/data5/hy/B-problem/.venv/lib/python3.11/site-packages/torch/distributed/run.py", line 910, in run
    elastic_launch(
  File "/data5/hy/B-problem/.venv/lib/python3.11/site-packages/torch/distributed/launcher/api.py", line 138, in __call__
    return launch_agent(self._config, self._entrypoint, list(args))
           ^^^^^^^^^^^^^^^^^^^^^^^^^^^^^^^^^^^^^^^^^^^^^^^^^^^^^^^^
  File "/data5/hy/B-problem/.venv/lib/python3.11/site-packages/torch/distributed/launcher/api.py", line 269, in launch_agent
    raise ChildFailedError(
torch.distributed.elastic.multiprocessing.errors.ChildFailedError: 
============================================================
scripts/train_q3_joint.py FAILED
------------------------------------------------------------
Failures:
  <NO_OTHER_FAILURES>
------------------------------------------------------------
Root Cause (first observed failure):
[0]:
  time      : 2026-09-12_01:13:41
  host      : user
  rank      : 0 (local_rank: 0)
  exitcode  : 1 (pid: 2912277)
  error_file: <N/A>
  traceback : To enable traceback see: https://pytorch.org/docs/stable/elastic/errors.html
============================================================
