concurrent.futures.process._RemoteTraceback: 
"""
Traceback (most recent call last):
  File "/usr/local/lib/miniconda3/lib/python3.11/concurrent/futures/process.py", line 256, in _process_worker
    r = call_item.fn(*call_item.args, **call_item.kwargs)
        ^^^^^^^^^^^^^^^^^^^^^^^^^^^^^^^^^^^^^^^^^^^^^^^^^
  File "/usr/local/lib/miniconda3/lib/python3.11/concurrent/futures/process.py", line 205, in _process_chunk
    return [fn(*args) for args in chunk]
           ^^^^^^^^^^^^^^^^^^^^^^^^^^^^^
  File "/usr/local/lib/miniconda3/lib/python3.11/concurrent/futures/process.py", line 205, in <listcomp>
    return [fn(*args) for args in chunk]
            ^^^^^^^^^
  File "/data5/hy/B-problem/solution/search/collection.py", line 49, in collect_search_episode
    record,state=teacher.recommend(public,teacher_seed)
                 ^^^^^^^^^^^^^^^^^^^^^^^^^^^^^^^^^^^^^^
  File "/data5/hy/B-problem/solution/search/teacher.py", line 91, in recommend
    worlds,stats=BeliefScenarioSampler().sample(public,teacher_seed,cfg['worlds'],
                 ^^^^^^^^^^^^^^^^^^^^^^^^^^^^^^^^^^^^^^^^^^^^^^^^^^^^^^^^^^^^^^^^^
  File "/data5/hy/B-problem/solution/search/belief.py", line 174, in sample
    kernel=ReferenceKernel(Scenario('BELIEF',3,'official_constraints',tuple(sources)),
                           ^^^^^^^^^^^^^^^^^^^^^^^^^^^^^^^^^^^^^^^^^^^^^^^^^^^^^^^^^^
  File "<string>", line 7, in __init__
  File "/data5/hy/B-problem/bsim/scenarios.py", line 47, in __post_init__
    raise ValueError('LOCAL label required')
ValueError: LOCAL label required
"""

The above exception was the direct cause of the following exception:

Traceback (most recent call last):
  File "/data5/hy/B-problem/scripts/q3_search_preflight.py", line 40, in <module>
    if __name__=='__main__':main()
                            ^^^^^^
  File "/data5/hy/B-problem/scripts/q3_search_preflight.py", line 26, in main
    for i,result in enumerate(pool.map(collect_search_episode,[(s,weights,cfg) for s in range(a.seed,a.seed+a.episodes)])):
  File "/usr/local/lib/miniconda3/lib/python3.11/concurrent/futures/process.py", line 606, in _chain_from_iterable_of_lists
    for element in iterable:
  File "/usr/local/lib/miniconda3/lib/python3.11/concurrent/futures/_base.py", line 619, in result_iterator
    yield _result_or_cancel(fs.pop())
          ^^^^^^^^^^^^^^^^^^^^^^^^^^^
  File "/usr/local/lib/miniconda3/lib/python3.11/concurrent/futures/_base.py", line 317, in _result_or_cancel
    return fut.result(timeout)
           ^^^^^^^^^^^^^^^^^^^
  File "/usr/local/lib/miniconda3/lib/python3.11/concurrent/futures/_base.py", line 456, in result
    return self.__get_result()
           ^^^^^^^^^^^^^^^^^^^
  File "/usr/local/lib/miniconda3/lib/python3.11/concurrent/futures/_base.py", line 401, in __get_result
    raise self._exception
ValueError: LOCAL label required
